I'm sorry, but errors were detected in your script. Please correct the
errors listed below, and try again.


File "game/xu_first_section.rpy", line 7: expected 'simple_expression' not found.
    show dudou at with moveintop
                  ^

Ren'Py Version: Ren'Py 8.3.4.24120703
Tue Feb 18 18:25:51 2025
